// Jest Snapshot v1, https://goo.gl/fbAQLP

exports[`renders correctly 1`] = `
<View
  style={
    Object {
      "backgroundColor": "#c9c9c9",
      "borderRadius": 10,
      "flexDirection": "row",
      "justifyContent": "space-between",
      "margin": 5,
      "padding": 10,
    }
  }
>
  <Text
    style={
      Object {
        "color": "#383838",
      }
    }
  >
    apple
  </Text>
  <Text>
    X
  </Text>
</View>
`;
